// Jest Snapshot v1, https://goo.gl/fbAQLP

exports[`ANavigationDrawer Template: Should render an ANavigationDrawer 1`] = `<v-navigation-drawer-stub mobilebreakpoint="1264" height="100%" minivariantwidth="56" src="" tag="aside" touchless="true" width="256" class="a-navigation-drawer" data-testid="navigation-drawer"></v-navigation-drawer-stub>`;
